synced 4 cardio day(s); 5 non-cardio ignored.

  2026-05-18: 46 min, avg HR 142 [above band (>130)], 412 kcal  (new day)
  2026-05-19: 34 min, avg HR 138 [above band (>130)], 277 kcal  (new day)
  2026-06-02: 21 min, avg HR 145 [above band (>130)], 189 kcal  (updated)
  2026-06-16: 35 min, avg HR 130 [in band (110-130)], 236 kcal  !! SKIPPED - manual session already logged this day
